# Test edge creation

# Test single case
created graph A
added node e1 to A
added node e2 to A
added edge test from e1 to e2 in A