# Test graph creation

# Single graph creation
created graph perkins

# Double graph creation
created graph is
created graph pretty
created graph funny